{"timestamp":"2026-07-11T12:06:24.232Z","tokenNumber":"BAR-20260711-00003","oldStatus":"PENDING_PAYMENT","newStatus":"ACTIVE","reason":"receptionist activation","initiatedBy":"4bbf2f3f-c98c-4d4f-a1f3-b17434650986"}
{"timestamp":"2026-07-11T12:06:26.450Z","tokenNumber":"BAR-20260711-00003","oldStatus":"ACTIVE","newStatus":"CLOSED","reason":"session closed: MANUAL","initiatedBy":"4bbf2f3f-c98c-4d4f-a1f3-b17434650986"}
{"timestamp":"2026-07-11T12:06:34.460Z","tokenNumber":"BAR-20260711-00004","oldStatus":"PENDING_PAYMENT","newStatus":"ACTIVE","reason":"receptionist activation","initiatedBy":"4bbf2f3f-c98c-4d4f-a1f3-b17434650986"}
{"timestamp":"2026-07-11T12:06:37.495Z","tokenNumber":"BAR-20260711-00004","oldStatus":"ACTIVE","newStatus":"CLOSED","reason":"session closed: QR_SCAN","initiatedBy":"4bbf2f3f-c98c-4d4f-a1f3-b17434650986"}
{"timestamp":"2026-07-11T12:07:42.416Z","tokenNumber":"BAR-20260711-00001","oldStatus":"EXPIRED","newStatus":"CLOSED","reason":"session closed: CHECKOUT","initiatedBy":"4bbf2f3f-c98c-4d4f-a1f3-b17434650986"}
{"timestamp":"2026-07-11T12:17:41.881Z","tokenNumber":"BAR-20260711-00001","oldStatus":"EXPIRED","newStatus":"CLOSED","reason":"session closed: CHECKOUT","initiatedBy":"4bbf2f3f-c98c-4d4f-a1f3-b17434650986"}
{"timestamp":"2026-07-11T12:18:47.344Z","tokenNumber":"BAR-20260711-00003","oldStatus":"PENDING_PAYMENT","newStatus":"ACTIVE","reason":"receptionist activation","initiatedBy":"4bbf2f3f-c98c-4d4f-a1f3-b17434650986"}
{"timestamp":"2026-07-11T12:18:49.447Z","tokenNumber":"BAR-20260711-00003","oldStatus":"ACTIVE","newStatus":"CLOSED","reason":"session closed: MANUAL","initiatedBy":"4bbf2f3f-c98c-4d4f-a1f3-b17434650986"}
{"timestamp":"2026-07-11T12:18:56.147Z","tokenNumber":"BAR-20260711-00004","oldStatus":"PENDING_PAYMENT","newStatus":"ACTIVE","reason":"receptionist activation","initiatedBy":"4bbf2f3f-c98c-4d4f-a1f3-b17434650986"}
{"timestamp":"2026-07-11T12:18:58.041Z","tokenNumber":"BAR-20260711-00004","oldStatus":"ACTIVE","newStatus":"CLOSED","reason":"session closed: QR_SCAN","initiatedBy":"4bbf2f3f-c98c-4d4f-a1f3-b17434650986"}
{"timestamp":"2026-07-11T14:46:19.262Z","tokenNumber":"BAR-20260711-00001","oldStatus":"EXPIRED","newStatus":"CLOSED","reason":"session closed: CHECKOUT","initiatedBy":"4bbf2f3f-c98c-4d4f-a1f3-b17434650986"}
{"timestamp":"2026-07-11T14:54:31.430Z","tokenNumber":"BAR-20260711-00003","oldStatus":"PENDING_PAYMENT","newStatus":"ACTIVE","reason":"receptionist activation","initiatedBy":"4bbf2f3f-c98c-4d4f-a1f3-b17434650986"}
{"timestamp":"2026-07-11T14:54:33.525Z","tokenNumber":"BAR-20260711-00003","oldStatus":"ACTIVE","newStatus":"CLOSED","reason":"session closed: MANUAL","initiatedBy":"4bbf2f3f-c98c-4d4f-a1f3-b17434650986"}
{"timestamp":"2026-07-11T14:54:39.801Z","tokenNumber":"BAR-20260711-00004","oldStatus":"PENDING_PAYMENT","newStatus":"ACTIVE","reason":"receptionist activation","initiatedBy":"4bbf2f3f-c98c-4d4f-a1f3-b17434650986"}
{"timestamp":"2026-07-11T14:54:41.706Z","tokenNumber":"BAR-20260711-00004","oldStatus":"ACTIVE","newStatus":"CLOSED","reason":"session closed: QR_SCAN","initiatedBy":"4bbf2f3f-c98c-4d4f-a1f3-b17434650986"}
{"timestamp":"2026-07-17T18:31:10.638Z","tokenNumber":"BAR-20260714-00001","oldStatus":"PENDING_PAYMENT","newStatus":"EXPIRED","reason":"chronological pending auto-expiration","initiatedBy":"system_reconciler"}
{"timestamp":"2026-07-17T18:31:10.915Z","tokenNumber":"BAR-20260714-00003","oldStatus":"PENDING_PAYMENT","newStatus":"EXPIRED","reason":"chronological pending auto-expiration","initiatedBy":"system_reconciler"}
{"timestamp":"2026-08-01T10:28:33.647Z","tokenNumber":"BAR-20260801-00003","oldStatus":"PENDING_PAYMENT","newStatus":"EXPIRED","reason":"chronological pending auto-expiration","initiatedBy":"system_reconciler"}
{"timestamp":"2026-08-01T10:28:33.663Z","tokenNumber":"BAR-20260801-00001","oldStatus":"ACTIVE","newStatus":"EXPIRED","reason":"chronological auto-expiration","initiatedBy":"system_reconciler"}
{"timestamp":"2026-08-01T10:28:33.675Z","tokenNumber":"BAR-20260801-00002","oldStatus":"EXTENDED","newStatus":"EXPIRED","reason":"chronological auto-expiration","initiatedBy":"system_reconciler"}
{"timestamp":"2026-08-05T14:31:30.287Z","tokenNumber":"BAR-20260804-00003","oldStatus":"PENDING_PAYMENT","newStatus":"EXPIRED","reason":"chronological pending auto-expiration","initiatedBy":"system_reconciler"}
{"timestamp":"2026-08-05T14:31:30.301Z","tokenNumber":"BAR-20260804-00001","oldStatus":"ACTIVE","newStatus":"EXPIRED","reason":"chronological auto-expiration","initiatedBy":"system_reconciler"}
{"timestamp":"2026-08-05T14:31:30.315Z","tokenNumber":"BAR-20260804-00002","oldStatus":"EXTENDED","newStatus":"EXPIRED","reason":"chronological auto-expiration","initiatedBy":"system_reconciler"}
{"timestamp":"2026-08-05T15:17:10.424Z","tokenNumber":"BAR-20260805-00001","oldStatus":"EXPIRED","newStatus":"CLOSED","reason":"session closed: CHECKOUT","initiatedBy":"53bb8f66-be58-470d-bd82-720c1d29c818"}
{"timestamp":"2026-08-05T15:17:21.372Z","tokenNumber":"BAR-20260805-00002","oldStatus":"PENDING_PAYMENT","newStatus":"ACTIVE","reason":"receptionist activation","initiatedBy":"53bb8f66-be58-470d-bd82-720c1d29c818"}
{"timestamp":"2026-08-05T15:17:21.397Z","tokenNumber":"BAR-20260805-00002","oldStatus":"ACTIVE","newStatus":"CLOSED","reason":"session closed: MANUAL","initiatedBy":"53bb8f66-be58-470d-bd82-720c1d29c818"}
{"timestamp":"2026-08-05T15:17:21.544Z","tokenNumber":"BAR-20260805-00003","oldStatus":"PENDING_PAYMENT","newStatus":"ACTIVE","reason":"receptionist activation","initiatedBy":"53bb8f66-be58-470d-bd82-720c1d29c818"}
{"timestamp":"2026-08-05T15:17:21.564Z","tokenNumber":"BAR-20260805-00003","oldStatus":"ACTIVE","newStatus":"CLOSED","reason":"session closed: QR_SCAN","initiatedBy":"53bb8f66-be58-470d-bd82-720c1d29c818"}
{"timestamp":"2026-08-13T16:53:32.040Z","tokenNumber":"BAR-20260813-00003","oldStatus":"PENDING_PAYMENT","newStatus":"ACTIVE","reason":"receptionist activation","initiatedBy":"bb74c0d5-2c69-4b5b-96bb-a61bb44beb1b"}
{"timestamp":"2026-08-13T17:12:31.128Z","tokenNumber":"BAR-20260813-00001","oldStatus":"PENDING_PAYMENT","newStatus":"EXPIRED","reason":"chronological pending auto-expiration","initiatedBy":"system_reconciler"}
{"timestamp":"2026-08-13T17:17:37.767Z","tokenNumber":"BAR-20260813-00002","oldStatus":"PENDING_PAYMENT","newStatus":"ACTIVE","reason":"receptionist activation","initiatedBy":"9b2f8e62-4704-4ffe-a75b-2d53c856b50d"}
{"timestamp":"2026-08-13T17:18:05.042Z","tokenNumber":"BAR-20260813-00003","oldStatus":"ACTIVE","newStatus":"CLOSED","reason":"session closed: CHECKOUT","initiatedBy":"9b2f8e62-4704-4ffe-a75b-2d53c856b50d"}
{"timestamp":"2026-08-13T17:57:29.499Z","tokenNumber":"BAR-20260813-00001","oldStatus":"EXPIRED","newStatus":"CLOSED","reason":"session closed: CHECKOUT","initiatedBy":"9b2f8e62-4704-4ffe-a75b-2d53c856b50d"}
{"timestamp":"2026-08-13T17:57:39.723Z","tokenNumber":"BAR-20260813-00002","oldStatus":"PENDING_PAYMENT","newStatus":"ACTIVE","reason":"receptionist activation","initiatedBy":"9b2f8e62-4704-4ffe-a75b-2d53c856b50d"}
{"timestamp":"2026-08-13T17:57:39.747Z","tokenNumber":"BAR-20260813-00002","oldStatus":"ACTIVE","newStatus":"CLOSED","reason":"session closed: MANUAL","initiatedBy":"9b2f8e62-4704-4ffe-a75b-2d53c856b50d"}
{"timestamp":"2026-08-13T17:57:40.177Z","tokenNumber":"BAR-20260813-00003","oldStatus":"PENDING_PAYMENT","newStatus":"ACTIVE","reason":"receptionist activation","initiatedBy":"9b2f8e62-4704-4ffe-a75b-2d53c856b50d"}
{"timestamp":"2026-08-13T17:57:40.230Z","tokenNumber":"BAR-20260813-00003","oldStatus":"ACTIVE","newStatus":"CLOSED","reason":"session closed: QR_SCAN","initiatedBy":"9b2f8e62-4704-4ffe-a75b-2d53c856b50d"}
{"timestamp":"2026-08-13T18:19:51.143Z","tokenNumber":"BAR-20260813-00001","oldStatus":"PENDING_PAYMENT","newStatus":"ACTIVE","reason":"receptionist activation","initiatedBy":"9b2f8e62-4704-4ffe-a75b-2d53c856b50d"}
{"timestamp":"2026-08-13T18:20:24.310Z","tokenNumber":"BAR-20260813-00001","oldStatus":"PENDING_PAYMENT","newStatus":"ACTIVE","reason":"receptionist activation","initiatedBy":"9b2f8e62-4704-4ffe-a75b-2d53c856b50d"}
{"timestamp":"2026-08-13T18:20:24.339Z","tokenNumber":"BAR-20260813-00001","oldStatus":"ACTIVE","newStatus":"CLOSED","reason":"session closed: CHECKOUT","initiatedBy":"9b2f8e62-4704-4ffe-a75b-2d53c856b50d"}
{"timestamp":"2026-08-13T18:20:54.491Z","tokenNumber":"BAR-20260813-00001","oldStatus":"PENDING_PAYMENT","newStatus":"ACTIVE","reason":"receptionist activation","initiatedBy":"9b2f8e62-4704-4ffe-a75b-2d53c856b50d"}
{"timestamp":"2026-08-13T18:20:54.521Z","tokenNumber":"BAR-20260813-00001","oldStatus":"ACTIVE","newStatus":"CLOSED","reason":"session closed: MANUAL","initiatedBy":"9b2f8e62-4704-4ffe-a75b-2d53c856b50d"}
{"timestamp":"2026-08-14T18:13:08.599Z","tokenNumber":"BAR-20260814-00001","oldStatus":"PENDING_PAYMENT","newStatus":"ACTIVE","reason":"receptionist activation","initiatedBy":"9b2f8e62-4704-4ffe-a75b-2d53c856b50d"}
{"timestamp":"2026-08-14T18:13:08.643Z","tokenNumber":"BAR-20260814-00001","oldStatus":"ACTIVE","newStatus":"CLOSED","reason":"session closed: MANUAL","initiatedBy":"9b2f8e62-4704-4ffe-a75b-2d53c856b50d"}
{"timestamp":"2026-08-14T18:30:21.782Z","tokenNumber":"BAR-20260815-00001","oldStatus":"EXPIRED","newStatus":"CLOSED","reason":"session closed: CHECKOUT","initiatedBy":"bcb72c77-cc90-4039-945d-20109c854734"}
{"timestamp":"2026-08-14T18:30:33.774Z","tokenNumber":"BAR-20260815-00002","oldStatus":"PENDING_PAYMENT","newStatus":"ACTIVE","reason":"receptionist activation","initiatedBy":"bcb72c77-cc90-4039-945d-20109c854734"}
{"timestamp":"2026-08-14T18:30:33.794Z","tokenNumber":"BAR-20260815-00002","oldStatus":"ACTIVE","newStatus":"CLOSED","reason":"session closed: MANUAL","initiatedBy":"bcb72c77-cc90-4039-945d-20109c854734"}
{"timestamp":"2026-08-14T18:30:33.929Z","tokenNumber":"BAR-20260815-00003","oldStatus":"PENDING_PAYMENT","newStatus":"ACTIVE","reason":"receptionist activation","initiatedBy":"bcb72c77-cc90-4039-945d-20109c854734"}
{"timestamp":"2026-08-14T18:30:33.947Z","tokenNumber":"BAR-20260815-00003","oldStatus":"ACTIVE","newStatus":"CLOSED","reason":"session closed: QR_SCAN","initiatedBy":"bcb72c77-cc90-4039-945d-20109c854734"}
{"timestamp":"2026-08-15T12:03:06.401Z","tokenNumber":"BAR-20260815-00001","oldStatus":"PENDING_PAYMENT","newStatus":"ACTIVE","reason":"receptionist activation","initiatedBy":"bcb72c77-cc90-4039-945d-20109c854734"}
{"timestamp":"2026-08-15T12:03:06.449Z","tokenNumber":"BAR-20260815-00001","oldStatus":"ACTIVE","newStatus":"CLOSED","reason":"session closed: MANUAL","initiatedBy":"bcb72c77-cc90-4039-945d-20109c854734"}
{"timestamp":"2026-08-15T12:25:39.487Z","tokenNumber":"BAR-20260815-00001","oldStatus":"PENDING_PAYMENT","newStatus":"ACTIVE","reason":"receptionist activation","initiatedBy":"bcb72c77-cc90-4039-945d-20109c854734"}
{"timestamp":"2026-08-15T12:25:39.527Z","tokenNumber":"BAR-20260815-00001","oldStatus":"ACTIVE","newStatus":"CLOSED","reason":"session closed: MANUAL","initiatedBy":"bcb72c77-cc90-4039-945d-20109c854734"}
{"timestamp":"2026-08-15T13:52:46.188Z","tokenNumber":"BAR-20260815-00001","oldStatus":"PENDING_PAYMENT","newStatus":"ACTIVE","reason":"receptionist activation","initiatedBy":"bcb72c77-cc90-4039-945d-20109c854734"}
{"timestamp":"2026-08-15T13:52:46.220Z","tokenNumber":"BAR-20260815-00001","oldStatus":"ACTIVE","newStatus":"CLOSED","reason":"session closed: MANUAL","initiatedBy":"bcb72c77-cc90-4039-945d-20109c854734"}
{"timestamp":"2026-08-15T14:24:39.662Z","tokenNumber":"BAR-20260815-00001","oldStatus":"PENDING_PAYMENT","newStatus":"ACTIVE","reason":"receptionist activation","initiatedBy":"bcb72c77-cc90-4039-945d-20109c854734"}
{"timestamp":"2026-08-15T14:24:39.694Z","tokenNumber":"BAR-20260815-00001","oldStatus":"ACTIVE","newStatus":"CLOSED","reason":"session closed: MANUAL","initiatedBy":"bcb72c77-cc90-4039-945d-20109c854734"}
{"timestamp":"2026-08-15T14:52:50.029Z","tokenNumber":"BAR-20260815-00001","oldStatus":"PENDING_PAYMENT","newStatus":"ACTIVE","reason":"receptionist activation","initiatedBy":"bcb72c77-cc90-4039-945d-20109c854734"}
{"timestamp":"2026-08-15T14:52:50.063Z","tokenNumber":"BAR-20260815-00001","oldStatus":"ACTIVE","newStatus":"CLOSED","reason":"session closed: MANUAL","initiatedBy":"bcb72c77-cc90-4039-945d-20109c854734"}
{"timestamp":"2026-08-15T15:09:29.219Z","tokenNumber":"BAR-20260815-00001","oldStatus":"PENDING_PAYMENT","newStatus":"ACTIVE","reason":"receptionist activation","initiatedBy":"bcb72c77-cc90-4039-945d-20109c854734"}
{"timestamp":"2026-08-15T15:09:29.263Z","tokenNumber":"BAR-20260815-00001","oldStatus":"ACTIVE","newStatus":"CLOSED","reason":"session closed: MANUAL","initiatedBy":"bcb72c77-cc90-4039-945d-20109c854734"}
{"timestamp":"2026-08-15T15:42:13.319Z","tokenNumber":"BAR-20260815-00001","oldStatus":"PENDING_PAYMENT","newStatus":"ACTIVE","reason":"receptionist activation","initiatedBy":"bcb72c77-cc90-4039-945d-20109c854734"}
{"timestamp":"2026-08-15T15:42:13.357Z","tokenNumber":"BAR-20260815-00001","oldStatus":"ACTIVE","newStatus":"CLOSED","reason":"session closed: MANUAL","initiatedBy":"bcb72c77-cc90-4039-945d-20109c854734"}
{"timestamp":"2026-08-15T15:53:55.248Z","tokenNumber":"BAR-20260815-00001","oldStatus":"PENDING_PAYMENT","newStatus":"ACTIVE","reason":"receptionist activation","initiatedBy":"bcb72c77-cc90-4039-945d-20109c854734"}
{"timestamp":"2026-08-15T15:53:55.281Z","tokenNumber":"BAR-20260815-00001","oldStatus":"ACTIVE","newStatus":"CLOSED","reason":"session closed: MANUAL","initiatedBy":"bcb72c77-cc90-4039-945d-20109c854734"}
{"timestamp":"2026-08-15T15:59:16.464Z","tokenNumber":"BAR-20260815-00001","oldStatus":"PENDING_PAYMENT","newStatus":"ACTIVE","reason":"receptionist activation","initiatedBy":"bcb72c77-cc90-4039-945d-20109c854734"}
{"timestamp":"2026-08-15T15:59:16.503Z","tokenNumber":"BAR-20260815-00001","oldStatus":"ACTIVE","newStatus":"CLOSED","reason":"session closed: MANUAL","initiatedBy":"bcb72c77-cc90-4039-945d-20109c854734"}
{"timestamp":"2026-08-15T16:13:02.505Z","tokenNumber":"BAR-20260815-00001","oldStatus":"PENDING_PAYMENT","newStatus":"ACTIVE","reason":"receptionist activation","initiatedBy":"bcb72c77-cc90-4039-945d-20109c854734"}
{"timestamp":"2026-08-15T16:13:02.538Z","tokenNumber":"BAR-20260815-00001","oldStatus":"ACTIVE","newStatus":"CLOSED","reason":"session closed: MANUAL","initiatedBy":"bcb72c77-cc90-4039-945d-20109c854734"}
{"timestamp":"2026-08-15T16:36:36.629Z","tokenNumber":"BAR-20260815-00001","oldStatus":"PENDING_PAYMENT","newStatus":"ACTIVE","reason":"receptionist activation","initiatedBy":"bcb72c77-cc90-4039-945d-20109c854734"}
{"timestamp":"2026-08-15T16:36:36.693Z","tokenNumber":"BAR-20260815-00001","oldStatus":"ACTIVE","newStatus":"CLOSED","reason":"session closed: MANUAL","initiatedBy":"bcb72c77-cc90-4039-945d-20109c854734"}
{"timestamp":"2026-08-15T16:40:04.631Z","tokenNumber":"BAR-20260815-00001","oldStatus":"PENDING_PAYMENT","newStatus":"ACTIVE","reason":"receptionist activation","initiatedBy":"bcb72c77-cc90-4039-945d-20109c854734"}
{"timestamp":"2026-08-15T16:40:04.668Z","tokenNumber":"BAR-20260815-00001","oldStatus":"ACTIVE","newStatus":"CLOSED","reason":"session closed: MANUAL","initiatedBy":"bcb72c77-cc90-4039-945d-20109c854734"}
{"timestamp":"2026-08-15T16:43:34.617Z","tokenNumber":"BAR-20260815-00001","oldStatus":"PENDING_PAYMENT","newStatus":"ACTIVE","reason":"receptionist activation","initiatedBy":"bcb72c77-cc90-4039-945d-20109c854734"}
{"timestamp":"2026-08-15T16:43:34.656Z","tokenNumber":"BAR-20260815-00001","oldStatus":"ACTIVE","newStatus":"CLOSED","reason":"session closed: MANUAL","initiatedBy":"bcb72c77-cc90-4039-945d-20109c854734"}
{"timestamp":"2026-08-15T16:51:20.971Z","tokenNumber":"BAR-20260815-00002","oldStatus":"PENDING_PAYMENT","newStatus":"EXPIRED","reason":"chronological pending auto-expiration","initiatedBy":"system_reconciler"}
{"timestamp":"2026-08-15T16:57:26.754Z","tokenNumber":"BAR-20260815-00001","oldStatus":"PENDING_PAYMENT","newStatus":"ACTIVE","reason":"receptionist activation","initiatedBy":"bcb72c77-cc90-4039-945d-20109c854734"}
{"timestamp":"2026-08-15T16:57:26.789Z","tokenNumber":"BAR-20260815-00001","oldStatus":"ACTIVE","newStatus":"CLOSED","reason":"session closed: MANUAL","initiatedBy":"bcb72c77-cc90-4039-945d-20109c854734"}
{"timestamp":"2026-08-15T17:10:01.877Z","tokenNumber":"BAR-20260815-00001","oldStatus":"PENDING_PAYMENT","newStatus":"ACTIVE","reason":"receptionist activation","initiatedBy":"bcb72c77-cc90-4039-945d-20109c854734"}
{"timestamp":"2026-08-15T17:10:01.926Z","tokenNumber":"BAR-20260815-00001","oldStatus":"ACTIVE","newStatus":"CLOSED","reason":"session closed: MANUAL","initiatedBy":"bcb72c77-cc90-4039-945d-20109c854734"}
{"timestamp":"2026-08-15T17:11:43.984Z","tokenNumber":"BAR-20260815-00001","oldStatus":"PENDING_PAYMENT","newStatus":"CANCELLED","reason":"cancelled: USER_CANCELLED","initiatedBy":"9b2f8e62-4704-4ffe-a75b-2d53c856b50d"}
{"timestamp":"2026-08-15T17:19:47.806Z","tokenNumber":"BAR-20260815-00001","oldStatus":"PENDING_PAYMENT","newStatus":"ACTIVE","reason":"receptionist activation","initiatedBy":"bcb72c77-cc90-4039-945d-20109c854734"}
{"timestamp":"2026-08-15T17:19:47.843Z","tokenNumber":"BAR-20260815-00001","oldStatus":"ACTIVE","newStatus":"CLOSED","reason":"session closed: MANUAL","initiatedBy":"bcb72c77-cc90-4039-945d-20109c854734"}
{"timestamp":"2026-08-15T17:20:07.446Z","tokenNumber":"BAR-20260815-00003","oldStatus":"PENDING_PAYMENT","newStatus":"ACTIVE","reason":"receptionist activation","initiatedBy":"9b2f8e62-4704-4ffe-a75b-2d53c856b50d"}
{"timestamp":"2026-08-15T17:24:51.006Z","tokenNumber":"BAR-20260815-00004","oldStatus":"PENDING_PAYMENT","newStatus":"ACTIVE","reason":"receptionist activation","initiatedBy":"9b2f8e62-4704-4ffe-a75b-2d53c856b50d"}
{"timestamp":"2026-08-15T18:27:27.247Z","tokenNumber":"BAR-20260815-99999","oldStatus":"ACTIVE","newStatus":"ACTIVE","reason":"extended by +60 mins","initiatedBy":"9b2f8e62-4704-4ffe-a75b-2d53c856b50d"}
{"timestamp":"2026-08-15T18:27:27.261Z","tokenNumber":"BAR-20260815-99999","oldStatus":"ACTIVE","newStatus":"CLOSED","reason":"session closed: MANUAL - Customer Vacated Early","initiatedBy":"9b2f8e62-4704-4ffe-a75b-2d53c856b50d"}
{"timestamp":"2026-08-15T18:35:32.696Z","tokenNumber":"BAR-20260816-00002","oldStatus":"ACTIVE","newStatus":"ACTIVE","reason":"extended by +60 mins","initiatedBy":"9b2f8e62-4704-4ffe-a75b-2d53c856b50d"}
{"timestamp":"2026-08-15T18:36:30.238Z","tokenNumber":"BAR-20260816-00004","oldStatus":"ACTIVE","newStatus":"ACTIVE","reason":"extended by +60 mins","initiatedBy":"9b2f8e62-4704-4ffe-a75b-2d53c856b50d"}
{"timestamp":"2026-08-15T18:36:45.296Z","tokenNumber":"BAR-20260816-00006","oldStatus":"ACTIVE","newStatus":"ACTIVE","reason":"extended by +60 mins","initiatedBy":"9b2f8e62-4704-4ffe-a75b-2d53c856b50d"}
{"timestamp":"2026-08-15T18:36:45.314Z","tokenNumber":"BAR-20260816-00006","oldStatus":"ACTIVE","newStatus":"CLOSED","reason":"session closed: MANUAL - Customer Vacated Early","initiatedBy":"9b2f8e62-4704-4ffe-a75b-2d53c856b50d"}
{"timestamp":"2026-08-15T18:45:41.955Z","tokenNumber":"BAR-20260816-00006","oldStatus":"ACTIVE","newStatus":"ACTIVE","reason":"extended by +60 mins","initiatedBy":"9b2f8e62-4704-4ffe-a75b-2d53c856b50d"}
{"timestamp":"2026-08-15T18:45:41.998Z","tokenNumber":"BAR-20260816-00006","oldStatus":"ACTIVE","newStatus":"CLOSED","reason":"session closed: MANUAL - Customer Vacated Early","initiatedBy":"9b2f8e62-4704-4ffe-a75b-2d53c856b50d"}
{"timestamp":"2026-08-16T12:32:16.143Z","tokenNumber":"BAR-20260816-00004","oldStatus":"ACTIVE","newStatus":"EXPIRED","reason":"chronological auto-expiration","initiatedBy":"system_reconciler"}
{"timestamp":"2026-08-16T12:32:16.156Z","tokenNumber":"BAR-20260815-00003","oldStatus":"ACTIVE","newStatus":"EXPIRED","reason":"chronological auto-expiration","initiatedBy":"system_reconciler"}
{"timestamp":"2026-08-16T12:32:16.165Z","tokenNumber":"BAR-20260815-00004","oldStatus":"ACTIVE","newStatus":"EXPIRED","reason":"chronological auto-expiration","initiatedBy":"system_reconciler"}
{"timestamp":"2026-08-16T12:32:16.173Z","tokenNumber":"BAR-20260816-00003","oldStatus":"ACTIVE","newStatus":"EXPIRED","reason":"chronological auto-expiration","initiatedBy":"system_reconciler"}
{"timestamp":"2026-08-16T12:32:16.181Z","tokenNumber":"BAR-20260816-00002","oldStatus":"ACTIVE","newStatus":"EXPIRED","reason":"chronological auto-expiration","initiatedBy":"system_reconciler"}
{"timestamp":"2026-08-16T12:32:16.189Z","tokenNumber":"BAR-20260816-00005","oldStatus":"ACTIVE","newStatus":"EXPIRED","reason":"chronological auto-expiration","initiatedBy":"system_reconciler"}
{"timestamp":"2026-08-16T12:43:30.597Z","tokenNumber":"BAR-20260816-00001","oldStatus":"PENDING_PAYMENT","newStatus":"ACTIVE","reason":"receptionist activation","initiatedBy":"9b2f8e62-4704-4ffe-a75b-2d53c856b50d"}
{"timestamp":"2026-08-16T13:05:02.459Z","tokenNumber":"BAR-20260816-00002","oldStatus":"ACTIVE","newStatus":"ACTIVE","reason":"extended by +30 mins","initiatedBy":"9b2f8e62-4704-4ffe-a75b-2d53c856b50d"}
{"timestamp":"2026-08-17T14:16:51.001Z","tokenNumber":"BAR-20260816-00002","oldStatus":"ACTIVE","newStatus":"EXPIRED","reason":"chronological auto-expiration","initiatedBy":"system_reconciler"}
{"timestamp":"2026-08-17T16:12:10.427Z","tokenNumber":"BAR-20260817-00001","oldStatus":"PENDING_PAYMENT","newStatus":"ACTIVE","reason":"receptionist activation","initiatedBy":"9b2f8e62-4704-4ffe-a75b-2d53c856b50d"}
{"timestamp":"2026-08-17T16:14:10.536Z","tokenNumber":"BAR-20260817-00002","oldStatus":"PENDING_PAYMENT","newStatus":"ACTIVE","reason":"receptionist activation","initiatedBy":"9b2f8e62-4704-4ffe-a75b-2d53c856b50d"}
{"timestamp":"2026-08-17T16:22:54.947Z","tokenNumber":"BAR-20260817-00001","oldStatus":"ACTIVE","newStatus":"ACTIVE","reason":"extended by +20 mins","initiatedBy":"9b2f8e62-4704-4ffe-a75b-2d53c856b50d"}
{"timestamp":"2026-08-17T16:25:26.159Z","tokenNumber":"BAR-20260817-00002","oldStatus":"ACTIVE","newStatus":"ACTIVE","reason":"extended by +20 mins","initiatedBy":"9b2f8e62-4704-4ffe-a75b-2d53c856b50d"}
{"timestamp":"2026-08-17T16:43:38.526Z","tokenNumber":"BAR-20260817-00001","oldStatus":"ACTIVE","newStatus":"ACTIVE","reason":"extended by +20 mins","initiatedBy":"9b2f8e62-4704-4ffe-a75b-2d53c856b50d"}
{"timestamp":"2026-08-17T16:49:19.476Z","tokenNumber":"BAR-20260817-00002","oldStatus":"ACTIVE","newStatus":"ACTIVE","reason":"extended by +20 mins","initiatedBy":"9b2f8e62-4704-4ffe-a75b-2d53c856b50d"}
{"timestamp":"2026-08-17T17:11:59.082Z","tokenNumber":"BAR-20260817-00001","oldStatus":"ACTIVE","newStatus":"ACTIVE","reason":"extended by +20 mins","initiatedBy":"9b2f8e62-4704-4ffe-a75b-2d53c856b50d"}
{"timestamp":"2026-08-17T17:12:19.169Z","tokenNumber":"BAR-20260817-00002","oldStatus":"ACTIVE","newStatus":"ACTIVE","reason":"extended by +20 mins","initiatedBy":"9b2f8e62-4704-4ffe-a75b-2d53c856b50d"}
{"timestamp":"2026-08-17T17:26:22.115Z","tokenNumber":"BAR-20260817-00001","oldStatus":"ACTIVE","newStatus":"ACTIVE","reason":"extended by +20 mins","initiatedBy":"9b2f8e62-4704-4ffe-a75b-2d53c856b50d"}
{"timestamp":"2026-08-17T17:26:38.709Z","tokenNumber":"BAR-20260817-00002","oldStatus":"ACTIVE","newStatus":"ACTIVE","reason":"extended by +20 mins","initiatedBy":"9b2f8e62-4704-4ffe-a75b-2d53c856b50d"}
{"timestamp":"2026-08-17T17:44:24.799Z","tokenNumber":"BAR-20260817-00002","oldStatus":"ACTIVE","newStatus":"ACTIVE","reason":"extended by +20 mins","initiatedBy":"9b2f8e62-4704-4ffe-a75b-2d53c856b50d"}
{"timestamp":"2026-08-17T17:44:28.451Z","tokenNumber":"BAR-20260817-00001","oldStatus":"ACTIVE","newStatus":"ACTIVE","reason":"extended by +20 mins","initiatedBy":"9b2f8e62-4704-4ffe-a75b-2d53c856b50d"}
{"timestamp":"2026-08-17T18:02:17.022Z","tokenNumber":"BAR-20260817-00001","oldStatus":"ACTIVE","newStatus":"ACTIVE","reason":"extended by +20 mins","initiatedBy":"9b2f8e62-4704-4ffe-a75b-2d53c856b50d"}
{"timestamp":"2026-08-17T18:04:15.690Z","tokenNumber":"BAR-20260817-00002","oldStatus":"ACTIVE","newStatus":"CLOSED","reason":"session closed: MANUAL - Customer Vacated Early","initiatedBy":"9b2f8e62-4704-4ffe-a75b-2d53c856b50d"}
{"timestamp":"2026-08-17T18:22:15.845Z","tokenNumber":"BAR-20260817-00001","oldStatus":"ACTIVE","newStatus":"ACTIVE","reason":"extended by +20 mins","initiatedBy":"9b2f8e62-4704-4ffe-a75b-2d53c856b50d"}
{"timestamp":"2026-08-17T18:42:49.108Z","tokenNumber":"BAR-20260817-00001","oldStatus":"ACTIVE","newStatus":"ACTIVE","reason":"extended by +20 mins","initiatedBy":"9b2f8e62-4704-4ffe-a75b-2d53c856b50d"}
{"timestamp":"2026-08-17T19:02:49.875Z","tokenNumber":"BAR-20260817-00001","oldStatus":"ACTIVE","newStatus":"ACTIVE","reason":"extended by +20 mins","initiatedBy":"9b2f8e62-4704-4ffe-a75b-2d53c856b50d"}
{"timestamp":"2026-08-18T14:18:22.273Z","tokenNumber":"BAR-20260817-00001","oldStatus":"ACTIVE","newStatus":"EXPIRED","reason":"chronological auto-expiration","initiatedBy":"system_reconciler"}
{"timestamp":"2026-08-18T15:25:51.273Z","tokenNumber":"BAR-20260818-00001","oldStatus":"PENDING_PAYMENT","newStatus":"EXPIRED","reason":"chronological pending auto-expiration","initiatedBy":"system_reconciler"}
{"timestamp":"2026-08-18T15:27:19.330Z","tokenNumber":"BAR-20260818-00002","oldStatus":"PENDING_PAYMENT","newStatus":"ACTIVE","reason":"receptionist activation","initiatedBy":"bb74c0d5-2c69-4b5b-96bb-a61bb44beb1b"}
{"timestamp":"2026-08-18T15:29:19.335Z","tokenNumber":"BAR-20260818-00003","oldStatus":"PENDING_PAYMENT","newStatus":"ACTIVE","reason":"receptionist activation","initiatedBy":"9b2f8e62-4704-4ffe-a75b-2d53c856b50d"}
{"timestamp":"2026-08-18T15:47:21.853Z","tokenNumber":"BAR-20260818-00002","oldStatus":"ACTIVE","newStatus":"EXPIRED","reason":"chronological auto-expiration","initiatedBy":"system_reconciler"}
{"timestamp":"2026-08-18T15:49:21.930Z","tokenNumber":"BAR-20260818-00003","oldStatus":"ACTIVE","newStatus":"EXPIRED","reason":"chronological auto-expiration","initiatedBy":"system_reconciler"}
{"timestamp":"2026-08-18T17:00:28.953Z","tokenNumber":"BAR-20260818-00004","oldStatus":"PENDING_PAYMENT","newStatus":"ACTIVE","reason":"receptionist activation","initiatedBy":"9b2f8e62-4704-4ffe-a75b-2d53c856b50d"}
{"timestamp":"2026-08-18T17:11:10.998Z","tokenNumber":"BAR-20260818-00004","oldStatus":"ACTIVE","newStatus":"ACTIVE","reason":"extended by +20 mins","initiatedBy":"9b2f8e62-4704-4ffe-a75b-2d53c856b50d"}
{"timestamp":"2026-08-18T17:30:58.699Z","tokenNumber":"BAR-20260818-00004","oldStatus":"ACTIVE","newStatus":"ACTIVE","reason":"extended by +20 mins","initiatedBy":"9b2f8e62-4704-4ffe-a75b-2d53c856b50d"}
{"timestamp":"2026-08-18T17:56:58.969Z","tokenNumber":"BAR-20260818-00004","oldStatus":"ACTIVE","newStatus":"ACTIVE","reason":"extended by +20 mins","initiatedBy":"9b2f8e62-4704-4ffe-a75b-2d53c856b50d"}
{"timestamp":"2026-08-18T17:57:17.914Z","tokenNumber":"BAR-20260818-00004","oldStatus":"ACTIVE","newStatus":"CLOSED","reason":"session closed: MANUAL - Customer Vacated Early","initiatedBy":"9b2f8e62-4704-4ffe-a75b-2d53c856b50d"}
{"timestamp":"2026-08-19T15:36:01.816Z","tokenNumber":"BAR-20260819-00001","oldStatus":"PENDING_PAYMENT","newStatus":"ACTIVE","reason":"receptionist activation","initiatedBy":"9b2f8e62-4704-4ffe-a75b-2d53c856b50d"}
{"timestamp":"2026-08-19T15:49:07.466Z","tokenNumber":"BAR-20260819-00001","oldStatus":"ACTIVE","newStatus":"ACTIVE","reason":"extended by +20 mins","initiatedBy":"25cf0a23-759f-4371-8c84-270b5a113195"}
{"timestamp":"2026-08-19T16:16:13.751Z","tokenNumber":"BAR-20260819-00001","oldStatus":"ACTIVE","newStatus":"EXPIRED","reason":"chronological auto-expiration","initiatedBy":"system_reconciler"}
{"timestamp":"2026-08-21T17:15:57.038Z","tokenNumber":"BAR-20260821-00001","oldStatus":"PENDING_PAYMENT","newStatus":"ACTIVE","reason":"receptionist activation","initiatedBy":"9b2f8e62-4704-4ffe-a75b-2d53c856b50d"}
{"timestamp":"2026-08-21T17:16:47.643Z","tokenNumber":"BAR-20260821-00002","oldStatus":"PENDING_PAYMENT","newStatus":"ACTIVE","reason":"receptionist activation","initiatedBy":"9b2f8e62-4704-4ffe-a75b-2d53c856b50d"}
{"timestamp":"2026-08-21T17:17:30.949Z","tokenNumber":"BAR-20260821-00003","oldStatus":"PENDING_PAYMENT","newStatus":"ACTIVE","reason":"receptionist activation","initiatedBy":"9b2f8e62-4704-4ffe-a75b-2d53c856b50d"}
{"timestamp":"2026-08-21T17:19:41.593Z","tokenNumber":"BAR-20260821-00004","oldStatus":"PENDING_PAYMENT","newStatus":"ACTIVE","reason":"receptionist activation","initiatedBy":"9b2f8e62-4704-4ffe-a75b-2d53c856b50d"}
{"timestamp":"2026-08-21T17:23:18.814Z","tokenNumber":"BAR-20260821-00005","oldStatus":"PENDING_PAYMENT","newStatus":"ACTIVE","reason":"receptionist activation","initiatedBy":"9b2f8e62-4704-4ffe-a75b-2d53c856b50d"}
{"timestamp":"2026-08-21T17:41:02.800Z","tokenNumber":"BAR-20260821-00002","oldStatus":"ACTIVE","newStatus":"ACTIVE","reason":"extended by +25 mins","initiatedBy":"853f0514-604a-4dcc-b425-5c1ccb3acf2b"}
{"timestamp":"2026-08-21T17:41:16.662Z","tokenNumber":"BAR-20260821-00001","oldStatus":"ACTIVE","newStatus":"ACTIVE","reason":"extended by +25 mins","initiatedBy":"853f0514-604a-4dcc-b425-5c1ccb3acf2b"}
{"timestamp":"2026-08-21T17:47:41.862Z","tokenNumber":"BAR-20260821-00003","oldStatus":"ACTIVE","newStatus":"ACTIVE","reason":"extended by +25 mins","initiatedBy":"9b2f8e62-4704-4ffe-a75b-2d53c856b50d"}
{"timestamp":"2026-08-21T17:52:00.716Z","tokenNumber":"BAR-20260821-00004","oldStatus":"ACTIVE","newStatus":"ACTIVE","reason":"extended by +25 mins","initiatedBy":"9b2f8e62-4704-4ffe-a75b-2d53c856b50d"}
{"timestamp":"2026-08-21T17:53:27.865Z","tokenNumber":"BAR-20260821-00005","oldStatus":"ACTIVE","newStatus":"ACTIVE","reason":"extended by +25 mins","initiatedBy":"9b2f8e62-4704-4ffe-a75b-2d53c856b50d"}
{"timestamp":"2026-08-21T18:03:09.572Z","tokenNumber":"BAR-20260821-00001","oldStatus":"PENDING_PAYMENT","newStatus":"ACTIVE","reason":"receptionist activation","initiatedBy":"bcb72c77-cc90-4039-945d-20109c854734"}
{"timestamp":"2026-08-21T18:03:09.612Z","tokenNumber":"BAR-20260821-00001","oldStatus":"ACTIVE","newStatus":"ACTIVE","reason":"extended by +20 mins","initiatedBy":"bcb72c77-cc90-4039-945d-20109c854734"}
{"timestamp":"2026-08-21T18:03:09.629Z","tokenNumber":"BAR-20260821-00001","oldStatus":"ACTIVE","newStatus":"ACTIVE","reason":"extended by +73 mins","initiatedBy":"bcb72c77-cc90-4039-945d-20109c854734"}
{"timestamp":"2026-08-21T18:10:46.077Z","tokenNumber":"BAR-20260821-00001","oldStatus":"ACTIVE","newStatus":"ACTIVE","reason":"extended by +15 mins","initiatedBy":"9b2f8e62-4704-4ffe-a75b-2d53c856b50d"}
{"timestamp":"2026-08-21T18:10:54.547Z","tokenNumber":"BAR-20260821-00002","oldStatus":"ACTIVE","newStatus":"ACTIVE","reason":"extended by +20 mins","initiatedBy":"9b2f8e62-4704-4ffe-a75b-2d53c856b50d"}
{"timestamp":"2026-08-21T18:12:46.162Z","tokenNumber":"BAR-20260821-00003","oldStatus":"ACTIVE","newStatus":"ACTIVE","reason":"extended by +20 mins","initiatedBy":"9b2f8e62-4704-4ffe-a75b-2d53c856b50d"}
{"timestamp":"2026-08-21T18:14:48.697Z","tokenNumber":"BAR-20260821-00004","oldStatus":"ACTIVE","newStatus":"CLOSED","reason":"session closed: MANUAL - Customer Vacated Early","initiatedBy":"9b2f8e62-4704-4ffe-a75b-2d53c856b50d"}
{"timestamp":"2026-08-21T18:19:30.263Z","tokenNumber":"BAR-20260821-00005","oldStatus":"ACTIVE","newStatus":"ACTIVE","reason":"extended by +20 mins","initiatedBy":"9b2f8e62-4704-4ffe-a75b-2d53c856b50d"}
{"timestamp":"2026-08-21T18:23:41.546Z","tokenNumber":"BAR-20260821-00001","oldStatus":"ACTIVE","newStatus":"ACTIVE","reason":"extended by +20 mins","initiatedBy":"9b2f8e62-4704-4ffe-a75b-2d53c856b50d"}
{"timestamp":"2026-08-22T15:31:37.293Z","tokenNumber":"BAR-20260821-00005","oldStatus":"ACTIVE","newStatus":"EXPIRED","reason":"chronological auto-expiration","initiatedBy":"system_reconciler"}
{"timestamp":"2026-08-22T15:31:37.317Z","tokenNumber":"BAR-20260821-00002","oldStatus":"ACTIVE","newStatus":"EXPIRED","reason":"chronological auto-expiration","initiatedBy":"system_reconciler"}
{"timestamp":"2026-08-22T15:31:37.327Z","tokenNumber":"BAR-20260821-00001","oldStatus":"ACTIVE","newStatus":"EXPIRED","reason":"chronological auto-expiration","initiatedBy":"system_reconciler"}
{"timestamp":"2026-08-22T15:31:37.333Z","tokenNumber":"BAR-20260821-00003","oldStatus":"ACTIVE","newStatus":"EXPIRED","reason":"chronological auto-expiration","initiatedBy":"system_reconciler"}
{"timestamp":"2026-08-22T16:40:25.199Z","tokenNumber":"BAR-20260822-00001","oldStatus":"PENDING_PAYMENT","newStatus":"ACTIVE","reason":"receptionist activation","initiatedBy":"9b2f8e62-4704-4ffe-a75b-2d53c856b50d"}
{"timestamp":"2026-08-22T16:42:23.711Z","tokenNumber":"BAR-20260822-00002","oldStatus":"PENDING_PAYMENT","newStatus":"ACTIVE","reason":"receptionist activation","initiatedBy":"9b2f8e62-4704-4ffe-a75b-2d53c856b50d"}
{"timestamp":"2026-08-24T13:43:16.321Z","tokenNumber":"BAR-20260822-00001","oldStatus":"ACTIVE","newStatus":"EXPIRED","reason":"chronological auto-expiration","initiatedBy":"system_reconciler"}
{"timestamp":"2026-08-24T13:49:33.002Z","tokenNumber":"BAR-20260824-00001","oldStatus":"PENDING_PAYMENT","newStatus":"ACTIVE","reason":"receptionist activation","initiatedBy":"9b2f8e62-4704-4ffe-a75b-2d53c856b50d"}
{"timestamp":"2026-08-24T14:19:45.683Z","tokenNumber":"BAR-20260824-00001","oldStatus":"ACTIVE","newStatus":"ACTIVE","reason":"extended by +25 mins","initiatedBy":"9b2f8e62-4704-4ffe-a75b-2d53c856b50d"}
{"timestamp":"2026-08-24T14:45:17.572Z","tokenNumber":"BAR-20260824-00001","oldStatus":"ACTIVE","newStatus":"EXTENDED","reason":"extended by +20 mins","initiatedBy":"9b2f8e62-4704-4ffe-a75b-2d53c856b50d"}
{"timestamp":"2026-08-24T15:14:44.706Z","tokenNumber":"BAR-20260824-00001","oldStatus":"EXTENDED","newStatus":"EXPIRED","reason":"chronological auto-expiration","initiatedBy":"system_reconciler"}
{"timestamp":"2026-08-24T15:30:48.994Z","tokenNumber":"BAR-20260824-00002","oldStatus":"PENDING_PAYMENT","newStatus":"ACTIVE","reason":"receptionist activation","initiatedBy":"9b2f8e62-4704-4ffe-a75b-2d53c856b50d"}
{"timestamp":"2026-08-24T16:00:56.488Z","tokenNumber":"BAR-20260824-00002","oldStatus":"ACTIVE","newStatus":"EXTENDED","reason":"extended by +20 mins","initiatedBy":"9b2f8e62-4704-4ffe-a75b-2d53c856b50d"}
{"timestamp":"2026-08-24T16:31:02.212Z","tokenNumber":"BAR-20260824-00002","oldStatus":"EXTENDED","newStatus":"EXPIRED","reason":"chronological auto-expiration","initiatedBy":"system_reconciler"}
{"timestamp":"2026-08-25T17:26:32.077Z","tokenNumber":"BAR-20260825-00001","oldStatus":"PENDING_PAYMENT","newStatus":"ACTIVE","reason":"receptionist activation","initiatedBy":"9b2f8e62-4704-4ffe-a75b-2d53c856b50d"}
{"timestamp":"2026-08-25T17:30:57.099Z","tokenNumber":"BAR-20260825-00002","oldStatus":"PENDING_PAYMENT","newStatus":"ACTIVE","reason":"receptionist activation","initiatedBy":"9b2f8e62-4704-4ffe-a75b-2d53c856b50d"}
{"timestamp":"2026-08-25T17:56:51.142Z","tokenNumber":"BAR-20260825-00001","oldStatus":"ACTIVE","newStatus":"EXTENDED","reason":"extended by +30 mins","initiatedBy":"9b2f8e62-4704-4ffe-a75b-2d53c856b50d"}
{"timestamp":"2026-08-25T18:03:09.485Z","tokenNumber":"BAR-20260825-00002","oldStatus":"ACTIVE","newStatus":"EXTENDED","reason":"extended by +20 mins","initiatedBy":"9b2f8e62-4704-4ffe-a75b-2d53c856b50d"}
{"timestamp":"2026-08-25T18:26:04.952Z","tokenNumber":"BAR-20260825-00002","oldStatus":"EXTENDED","newStatus":"EXTENDED","reason":"extended by +20 mins","initiatedBy":"9b2f8e62-4704-4ffe-a75b-2d53c856b50d"}
{"timestamp":"2026-08-25T18:26:39.312Z","tokenNumber":"BAR-20260825-00001","oldStatus":"EXTENDED","newStatus":"EXTENDED","reason":"extended by +20 mins","initiatedBy":"9b2f8e62-4704-4ffe-a75b-2d53c856b50d"}
{"timestamp":"2026-08-26T09:54:18.871Z","tokenNumber":"BAR-20260825-00001","oldStatus":"EXTENDED","newStatus":"EXPIRED","reason":"chronological auto-expiration","initiatedBy":"system_reconciler"}
{"timestamp":"2026-08-26T09:54:18.880Z","tokenNumber":"BAR-20260825-00002","oldStatus":"EXTENDED","newStatus":"EXPIRED","reason":"chronological auto-expiration","initiatedBy":"system_reconciler"}
{"timestamp":"2026-08-26T09:56:15.762Z","tokenNumber":"BAR-20260826-00001","oldStatus":"PENDING_PAYMENT","newStatus":"ACTIVE","reason":"receptionist activation","initiatedBy":"9b2f8e62-4704-4ffe-a75b-2d53c856b50d"}
{"timestamp":"2026-08-26T12:14:42.352Z","tokenNumber":"BAR-20260826-00001","oldStatus":"ACTIVE","newStatus":"EXPIRED","reason":"chronological auto-expiration","initiatedBy":"system_reconciler"}
{"timestamp":"2026-08-26T12:16:13.318Z","tokenNumber":"BAR-20260826-00002","oldStatus":"PENDING_PAYMENT","newStatus":"ACTIVE","reason":"receptionist activation","initiatedBy":"9b2f8e62-4704-4ffe-a75b-2d53c856b50d"}
{"timestamp":"2026-08-26T12:23:16.697Z","tokenNumber":"BAR-20260826-00002","oldStatus":"ACTIVE","newStatus":"EXTENDED","reason":"extended by +20 mins","initiatedBy":"9b2f8e62-4704-4ffe-a75b-2d53c856b50d"}
{"timestamp":"2026-08-26T13:12:25.576Z","tokenNumber":"BAR-20260826-00002","oldStatus":"EXTENDED","newStatus":"EXTENDED","reason":"extended by +20 mins","initiatedBy":"9b2f8e62-4704-4ffe-a75b-2d53c856b50d"}
{"timestamp":"2026-08-26T13:26:22.282Z","tokenNumber":"BAR-20260826-00002","oldStatus":"EXTENDED","newStatus":"EXTENDED","reason":"extended by +20 mins","initiatedBy":"9b2f8e62-4704-4ffe-a75b-2d53c856b50d"}
{"timestamp":"2026-08-26T13:46:27.192Z","tokenNumber":"BAR-20260826-00002","oldStatus":"EXTENDED","newStatus":"EXTENDED","reason":"extended by +20 mins","initiatedBy":"9b2f8e62-4704-4ffe-a75b-2d53c856b50d"}
{"timestamp":"2026-08-26T14:06:52.345Z","tokenNumber":"BAR-20260826-00002","oldStatus":"EXTENDED","newStatus":"EXTENDED","reason":"extended by +20 mins","initiatedBy":"9b2f8e62-4704-4ffe-a75b-2d53c856b50d"}
{"timestamp":"2026-08-26T14:26:46.657Z","tokenNumber":"BAR-20260826-00002","oldStatus":"EXTENDED","newStatus":"EXTENDED","reason":"extended by +10 mins","initiatedBy":"9b2f8e62-4704-4ffe-a75b-2d53c856b50d"}
{"timestamp":"2026-08-26T14:36:20.952Z","tokenNumber":"BAR-20260826-00002","oldStatus":"EXTENDED","newStatus":"EXTENDED","reason":"extended by +20 mins","initiatedBy":"9b2f8e62-4704-4ffe-a75b-2d53c856b50d"}
{"timestamp":"2026-09-01T16:33:01.381Z","tokenNumber":"BAR-20260901-31723","oldStatus":"ACTIVE","newStatus":"EXTENDED","reason":"extended by +0 mins","initiatedBy":"25cf0a23-759f-4371-8c84-270b5a113195"}
{"timestamp":"2026-09-01T16:33:21.188Z","tokenNumber":"BAR-20260901-19214","oldStatus":"ACTIVE","newStatus":"EXTENDED","reason":"extended by +0 mins","initiatedBy":"25cf0a23-759f-4371-8c84-270b5a113195"}
{"timestamp":"2026-09-01T16:34:54.623Z","tokenNumber":"BAR-20260901-39406","oldStatus":"ACTIVE","newStatus":"EXTENDED","reason":"extended by +0 mins","initiatedBy":"25cf0a23-759f-4371-8c84-270b5a113195"}
{"timestamp":"2026-09-01T16:35:21.513Z","tokenNumber":"BAR-20260901-30096","oldStatus":"ACTIVE","newStatus":"EXTENDED","reason":"extended by +0 mins","initiatedBy":"25cf0a23-759f-4371-8c84-270b5a113195"}
{"timestamp":"2026-09-01T16:36:54.892Z","tokenNumber":"BAR-20260901-48144","oldStatus":"ACTIVE","newStatus":"EXTENDED","reason":"extended by +0 mins","initiatedBy":"25cf0a23-759f-4371-8c84-270b5a113195"}
{"timestamp":"2026-09-01T16:37:11.335Z","tokenNumber":"BAR-20260901-28685","oldStatus":"ACTIVE","newStatus":"EXTENDED","reason":"extended by +0 mins","initiatedBy":"25cf0a23-759f-4371-8c84-270b5a113195"}
{"timestamp":"2026-09-01T17:33:08.578Z","tokenNumber":"BAR-RT-782026","oldStatus":"ACTIVE","newStatus":"EXPIRED","reason":"chronological auto-expiration","initiatedBy":"system_reconciler"}
{"timestamp":"2026-09-01T17:33:38.579Z","tokenNumber":"BAR-RT-808155","oldStatus":"ACTIVE","newStatus":"EXPIRED","reason":"chronological auto-expiration","initiatedBy":"system_reconciler"}
{"timestamp":"2026-09-01T17:34:08.606Z","tokenNumber":"BAR-RT-837746","oldStatus":"ACTIVE","newStatus":"EXPIRED","reason":"chronological auto-expiration","initiatedBy":"system_reconciler"}
{"timestamp":"2026-09-01T17:34:38.621Z","tokenNumber":"BAR-RT-876699","oldStatus":"ACTIVE","newStatus":"EXPIRED","reason":"chronological auto-expiration","initiatedBy":"system_reconciler"}
{"timestamp":"2026-09-01T17:35:08.651Z","tokenNumber":"BAR-RT-898211","oldStatus":"ACTIVE","newStatus":"EXPIRED","reason":"chronological auto-expiration","initiatedBy":"system_reconciler"}
{"timestamp":"2026-09-01T17:39:23.777Z","tokenNumber":"BAR-AUD-A-0635","oldStatus":"ACTIVE","newStatus":"EXPIRED","reason":"chronological auto-expiration","initiatedBy":"system_reconciler"}
{"timestamp":"2026-09-01T17:39:23.784Z","tokenNumber":"BAR-AUD-B-0654","oldStatus":"ACTIVE","newStatus":"EXPIRED","reason":"chronological auto-expiration","initiatedBy":"system_reconciler"}
{"timestamp":"2026-09-01T17:39:53.785Z","tokenNumber":"BAR-AUD-A-5165","oldStatus":"ACTIVE","newStatus":"EXPIRED","reason":"chronological auto-expiration","initiatedBy":"system_reconciler"}
{"timestamp":"2026-09-01T17:39:53.791Z","tokenNumber":"BAR-AUD-B-5174","oldStatus":"ACTIVE","newStatus":"EXPIRED","reason":"chronological auto-expiration","initiatedBy":"system_reconciler"}
{"timestamp":"2026-09-02T16:50:00.721Z","tokenNumber":"BAR-20260902-00005","oldStatus":"ACTIVE","newStatus":"EXTENDED","reason":"extended by +0 mins","initiatedBy":"bb74c0d5-2c69-4b5b-96bb-a61bb44beb1b"}
{"timestamp":"2026-09-02T16:50:47.543Z","tokenNumber":"BAR-20260902-00007","oldStatus":"ACTIVE","newStatus":"EXTENDED","reason":"extended by +0 mins","initiatedBy":"bb74c0d5-2c69-4b5b-96bb-a61bb44beb1b"}
{"timestamp":"2026-09-02T16:51:05.354Z","tokenNumber":"BAR-20260902-00009","oldStatus":"ACTIVE","newStatus":"EXTENDED","reason":"extended by +0 mins","initiatedBy":"bb74c0d5-2c69-4b5b-96bb-a61bb44beb1b"}
{"timestamp":"2026-09-02T16:56:06.387Z","tokenNumber":"BAR-20260902-00013","oldStatus":"ACTIVE","newStatus":"EXTENDED","reason":"extended by +0 mins","initiatedBy":"bb74c0d5-2c69-4b5b-96bb-a61bb44beb1b"}
{"timestamp":"2026-09-02T16:56:35.099Z","tokenNumber":"BAR-20260902-00002","oldStatus":"ACTIVE","newStatus":"EXTENDED","reason":"extended by +0 mins","initiatedBy":"bb74c0d5-2c69-4b5b-96bb-a61bb44beb1b"}
{"timestamp":"2026-09-02T17:04:51.425Z","tokenNumber":"BAR-20260902-00012","oldStatus":"ACTIVE","newStatus":"EXTENDED","reason":"extended by +0 mins","initiatedBy":"bb74c0d5-2c69-4b5b-96bb-a61bb44beb1b"}
{"timestamp":"2026-09-02T17:05:05.325Z","tokenNumber":"BAR-20260902-00014","oldStatus":"ACTIVE","newStatus":"EXTENDED","reason":"extended by +0 mins","initiatedBy":"bb74c0d5-2c69-4b5b-96bb-a61bb44beb1b"}
{"timestamp":"2026-09-02T17:34:39.714Z","tokenNumber":"BAR-20260902-00004","oldStatus":"ACTIVE","newStatus":"EXPIRED","reason":"chronological auto-expiration","initiatedBy":"system_reconciler"}
