{"timestamp":"2026-07-11T12:06:24.232Z","tokenNumber":"BAR-20260711-00003","oldStatus":"PENDING_PAYMENT","newStatus":"ACTIVE","reason":"receptionist activation","initiatedBy":"4bbf2f3f-c98c-4d4f-a1f3-b17434650986"}
{"timestamp":"2026-07-11T12:06:26.450Z","tokenNumber":"BAR-20260711-00003","oldStatus":"ACTIVE","newStatus":"CLOSED","reason":"session closed: MANUAL","initiatedBy":"4bbf2f3f-c98c-4d4f-a1f3-b17434650986"}
{"timestamp":"2026-07-11T12:06:34.460Z","tokenNumber":"BAR-20260711-00004","oldStatus":"PENDING_PAYMENT","newStatus":"ACTIVE","reason":"receptionist activation","initiatedBy":"4bbf2f3f-c98c-4d4f-a1f3-b17434650986"}
{"timestamp":"2026-07-11T12:06:37.495Z","tokenNumber":"BAR-20260711-00004","oldStatus":"ACTIVE","newStatus":"CLOSED","reason":"session closed: QR_SCAN","initiatedBy":"4bbf2f3f-c98c-4d4f-a1f3-b17434650986"}
{"timestamp":"2026-07-11T12:07:42.416Z","tokenNumber":"BAR-20260711-00001","oldStatus":"EXPIRED","newStatus":"CLOSED","reason":"session closed: CHECKOUT","initiatedBy":"4bbf2f3f-c98c-4d4f-a1f3-b17434650986"}
{"timestamp":"2026-07-11T12:17:41.881Z","tokenNumber":"BAR-20260711-00001","oldStatus":"EXPIRED","newStatus":"CLOSED","reason":"session closed: CHECKOUT","initiatedBy":"4bbf2f3f-c98c-4d4f-a1f3-b17434650986"}
{"timestamp":"2026-07-11T12:18:47.344Z","tokenNumber":"BAR-20260711-00003","oldStatus":"PENDING_PAYMENT","newStatus":"ACTIVE","reason":"receptionist activation","initiatedBy":"4bbf2f3f-c98c-4d4f-a1f3-b17434650986"}
{"timestamp":"2026-07-11T12:18:49.447Z","tokenNumber":"BAR-20260711-00003","oldStatus":"ACTIVE","newStatus":"CLOSED","reason":"session closed: MANUAL","initiatedBy":"4bbf2f3f-c98c-4d4f-a1f3-b17434650986"}
{"timestamp":"2026-07-11T12:18:56.147Z","tokenNumber":"BAR-20260711-00004","oldStatus":"PENDING_PAYMENT","newStatus":"ACTIVE","reason":"receptionist activation","initiatedBy":"4bbf2f3f-c98c-4d4f-a1f3-b17434650986"}
{"timestamp":"2026-07-11T12:18:58.041Z","tokenNumber":"BAR-20260711-00004","oldStatus":"ACTIVE","newStatus":"CLOSED","reason":"session closed: QR_SCAN","initiatedBy":"4bbf2f3f-c98c-4d4f-a1f3-b17434650986"}
{"timestamp":"2026-07-11T14:46:19.262Z","tokenNumber":"BAR-20260711-00001","oldStatus":"EXPIRED","newStatus":"CLOSED","reason":"session closed: CHECKOUT","initiatedBy":"4bbf2f3f-c98c-4d4f-a1f3-b17434650986"}
{"timestamp":"2026-07-11T14:54:31.430Z","tokenNumber":"BAR-20260711-00003","oldStatus":"PENDING_PAYMENT","newStatus":"ACTIVE","reason":"receptionist activation","initiatedBy":"4bbf2f3f-c98c-4d4f-a1f3-b17434650986"}
{"timestamp":"2026-07-11T14:54:33.525Z","tokenNumber":"BAR-20260711-00003","oldStatus":"ACTIVE","newStatus":"CLOSED","reason":"session closed: MANUAL","initiatedBy":"4bbf2f3f-c98c-4d4f-a1f3-b17434650986"}
{"timestamp":"2026-07-11T14:54:39.801Z","tokenNumber":"BAR-20260711-00004","oldStatus":"PENDING_PAYMENT","newStatus":"ACTIVE","reason":"receptionist activation","initiatedBy":"4bbf2f3f-c98c-4d4f-a1f3-b17434650986"}
{"timestamp":"2026-07-11T14:54:41.706Z","tokenNumber":"BAR-20260711-00004","oldStatus":"ACTIVE","newStatus":"CLOSED","reason":"session closed: QR_SCAN","initiatedBy":"4bbf2f3f-c98c-4d4f-a1f3-b17434650986"}
{"timestamp":"2026-07-17T18:31:10.638Z","tokenNumber":"BAR-20260714-00001","oldStatus":"PENDING_PAYMENT","newStatus":"EXPIRED","reason":"chronological pending auto-expiration","initiatedBy":"system_reconciler"}
{"timestamp":"2026-07-17T18:31:10.915Z","tokenNumber":"BAR-20260714-00003","oldStatus":"PENDING_PAYMENT","newStatus":"EXPIRED","reason":"chronological pending auto-expiration","initiatedBy":"system_reconciler"}
{"timestamp":"2026-08-01T10:28:33.647Z","tokenNumber":"BAR-20260801-00003","oldStatus":"PENDING_PAYMENT","newStatus":"EXPIRED","reason":"chronological pending auto-expiration","initiatedBy":"system_reconciler"}
{"timestamp":"2026-08-01T10:28:33.663Z","tokenNumber":"BAR-20260801-00001","oldStatus":"ACTIVE","newStatus":"EXPIRED","reason":"chronological auto-expiration","initiatedBy":"system_reconciler"}
{"timestamp":"2026-08-01T10:28:33.675Z","tokenNumber":"BAR-20260801-00002","oldStatus":"EXTENDED","newStatus":"EXPIRED","reason":"chronological auto-expiration","initiatedBy":"system_reconciler"}
{"timestamp":"2026-08-05T14:31:30.287Z","tokenNumber":"BAR-20260804-00003","oldStatus":"PENDING_PAYMENT","newStatus":"EXPIRED","reason":"chronological pending auto-expiration","initiatedBy":"system_reconciler"}
{"timestamp":"2026-08-05T14:31:30.301Z","tokenNumber":"BAR-20260804-00001","oldStatus":"ACTIVE","newStatus":"EXPIRED","reason":"chronological auto-expiration","initiatedBy":"system_reconciler"}
{"timestamp":"2026-08-05T14:31:30.315Z","tokenNumber":"BAR-20260804-00002","oldStatus":"EXTENDED","newStatus":"EXPIRED","reason":"chronological auto-expiration","initiatedBy":"system_reconciler"}
{"timestamp":"2026-08-05T15:17:10.424Z","tokenNumber":"BAR-20260805-00001","oldStatus":"EXPIRED","newStatus":"CLOSED","reason":"session closed: CHECKOUT","initiatedBy":"53bb8f66-be58-470d-bd82-720c1d29c818"}
{"timestamp":"2026-08-05T15:17:21.372Z","tokenNumber":"BAR-20260805-00002","oldStatus":"PENDING_PAYMENT","newStatus":"ACTIVE","reason":"receptionist activation","initiatedBy":"53bb8f66-be58-470d-bd82-720c1d29c818"}
{"timestamp":"2026-08-05T15:17:21.397Z","tokenNumber":"BAR-20260805-00002","oldStatus":"ACTIVE","newStatus":"CLOSED","reason":"session closed: MANUAL","initiatedBy":"53bb8f66-be58-470d-bd82-720c1d29c818"}
{"timestamp":"2026-08-05T15:17:21.544Z","tokenNumber":"BAR-20260805-00003","oldStatus":"PENDING_PAYMENT","newStatus":"ACTIVE","reason":"receptionist activation","initiatedBy":"53bb8f66-be58-470d-bd82-720c1d29c818"}
{"timestamp":"2026-08-05T15:17:21.564Z","tokenNumber":"BAR-20260805-00003","oldStatus":"ACTIVE","newStatus":"CLOSED","reason":"session closed: QR_SCAN","initiatedBy":"53bb8f66-be58-470d-bd82-720c1d29c818"}
